>>> text_indentation = __import__('5-text_indentation').text_indentation

>>> text_indentation("Hello, who's that ? It's me !")
Hello, who's that ?
<BLANKLINE>
It's me !

>>> text_indentation()
Traceback (most recent call last):
TypeError: text_indentation() missing 1 required positional argument: 'text'

>>> text_indentation(2)
Traceback (most recent call last):
TypeError: text must be a string

>>> text_indentation(":")
:
<BLANKLINE>
<BLANKLINE>
